.\venv\Scripts\python : <frozen 
importlib._bootstrap>:488: Warning: Numpy built 
with MINGW-W64 on Windows 64 bits is experimental, 
and only available for 
At line:1 char:1
+ .\venv\Scripts\python -c "from langchain.agents 
import AgentType, ini ...
+ ~~~~~~~~~~~~~~~~~~~~~~~~~~~~~~~~~~~~~~~~~~~~~~~~~
~~~~~~~~~~~~~~~~~~~~
    + CategoryInfo          : NotSpecified: (<froz 
   en importl... available for :String) [], Remot  
  eException
    + FullyQualifiedErrorId : NativeCommandError
 
testing. You are advised not to use it for 
production. 

CRASHES ARE TO BE EXPECTED - PLEASE REPORT THEM TO 
NUMPY DEVELOPERS
C:\Users\anshuk\Downloads\Assignment SDE\Assignment
\backend\venv\Lib\site-packages\numpy\core\getlimit
s.py:225: RuntimeWarning: invalid value 
encountered in exp2
  epsneg_f128 = exp2(ld(-113))
C:\Users\anshuk\Downloads\Assignment SDE\Assignment
\backend\venv\Lib\site-packages\numpy\core\getlimit
s.py:226: RuntimeWarning: invalid value 
encountered in exp2
  tiny_f128 = exp2(ld(-16382))
C:\Users\anshuk\Downloads\Assignment SDE\Assignment
\backend\venv\Lib\site-packages\numpy\core\getlimit
s.py:240: RuntimeWarning: invalid value 
encountered in exp2
  eps=exp2(ld(-112)),
C:\Users\anshuk\Downloads\Assignment SDE\Assignment
\backend\venv\Lib\site-packages\numpy\core\getlimit
s.py:41: RuntimeWarning: invalid value encountered 
in nextafter
  self._smallest_subnormal = nextafter(
C:\Users\anshuk\Downloads\Assignment SDE\Assignment
\backend\venv\Lib\site-packages\numpy\core\getlimit
s.py:52: RuntimeWarning: invalid value encountered 
in log10
  self.precision = int(-log10(self.eps))
